[16:40:40] ============================================
[16:40:40] Inicio: 20260714 16:40:40
[16:40:40] Exportando MXCTAINV...
[16:40:40]   inventario.txt: 2965 registros
[16:40:40] Exportando MXCTACLI...
[16:40:40]   clientes.txt: 838 registros
[16:40:40] Exportando MXCTAVDD...
[16:40:40]   vendedores.txt: 40 registros
[16:40:40] Exportando MX_ENCFA...
[16:40:41]   facturas_enc.txt: 8767 registros
[16:40:41] Exportando MX_RENFA...
[16:40:43]   facturas_ren.txt: 41151 registros
[16:40:43] Exportando MXTRAINV...
[16:40:44]   movimientos.txt: 32728 registros
[16:40:44] Exportando MXTRACOB...
[16:40:45]   cobranzas.txt: 5345 registros
[16:40:45] Exportando REFCRUZ...
[16:40:45]   ERROR: no encontrado D:\SISTEMAS\sistema\COMP01\REFCRUZ.DBF
[16:40:45] Exportando MXCTAALM...
[16:40:45]   almacenes.txt: 9 registros
[16:40:45] Exportando MXGRUINV...
[16:40:45]   grupos.txt: 17 registros
[16:40:45] Exportando MXMARINV...
[16:40:45]   marcas.txt: 264 registros
[16:40:45] Exportando MXENCDEV...
[16:40:46]   devoluciones_enc.txt: 977 registros
[16:40:46] Exportando MXRENDEV...
[16:40:46]   devoluciones_ren.txt: 1141 registros
[16:40:46] Exportando MXTRAPAG...
[16:40:46]   pagos_detalle.txt: 256 registros
[16:40:46] Exportando MXCTAPRO...
[16:40:46]   proveedores.txt: 132 registros
[16:40:46] Exportando MXCTABAN...
[16:40:46]   bancos_cat.txt: 72 registros
[16:40:46] Exportando MXTRABAN...
[16:40:47]   bancos_mov.txt: 5637 registros
[16:40:47] Exportando MXRENTRA...
[16:40:47]   transito.txt: 159 registros
[16:40:47] Exportando MXRENORD...
[16:40:47]   produccion.txt: 117 registros
[16:40:47] Exportando MXENCTRA...
[16:40:47]   transitos_enc.txt: 90 registros
[16:40:48] Exportando MXRENTRA...
[16:40:48]   transitos_ren.txt: 5047 registros
[16:40:48] Exportando MXENCREQ...
[16:40:48]   recepciones.txt: 209 registros
[16:40:48] Fin: 16:40:48
[16:40:48] ============================================
